<table class="code-table"><tr id="line-1"><td class="table-line l-table"><a href="#line-1">1</a></td><td class="code-line l-code"><span class="cp">&lt;!DOCTYPE html&gt;</span>
</td></tr><tr id="line-2"><td class="table-line d-table"><a href="#line-2">2</a></td><td class="code-line d-code"><span class="nt">&lt;html</span> <span class="na">lang=</span><span class="s">"ru"</span> <span class="na">xmlns:th=</span><span class="s">"http://www.thymeleaf.org"</span> <span class="na">xmlns:sec=</span><span class="s">"http://www.thymeleaf.org"</span> <span class="na">th:lang=</span><span class="s">"${lang}"</span><span class="nt">&gt;</span>
</td></tr><tr id="line-3"><td class="table-line l-table"><a href="#line-3">3</a></td><td class="code-line l-code">	<span class="nt">&lt;head&gt;</span>
</td></tr><tr id="line-4"><td class="table-line d-table"><a href="#line-4">4</a></td><td class="code-line d-code">		<span class="nt">&lt;meta</span> <span class="na">charset=</span><span class="s">"UTF-8"</span><span class="nt">&gt;</span>
</td></tr><tr id="line-5"><td class="table-line l-table"><a href="#line-5">5</a></td><td class="code-line l-code">		<span class="nt">&lt;title</span> <span class="na">th:text=</span><span class="s">"#{code.title}"</span><span class="nt">&gt;</span>Code Polyglot!<span class="nt">&lt;/title&gt;</span>
</td></tr><tr id="line-6"><td class="table-line d-table"><a href="#line-6">6</a></td><td class="code-line d-code">		<span class="nt">&lt;link</span> <span class="na">rel=</span><span class="s">"stylesheet"</span> <span class="na">type=</span><span class="s">"text/css"</span> <span class="na">th:href=</span><span class="s">"@{/css/__${skin}__/code.css}"</span><span class="nt">/&gt;</span>
</td></tr><tr id="line-7"><td class="table-line l-table"><a href="#line-7">7</a></td><td class="code-line l-code">		<span class="nt">&lt;link</span> <span class="na">rel=</span><span class="s">"stylesheet"</span> <span class="na">type=</span><span class="s">"text/css"</span> <span class="na">th:if=</span><span class="s">"${highlight == T(ru.exlmoto.code.highlight.enumeration.Mode).HighlightJs}"</span> <span class="na">th:href=</span><span class="s">"@{/css/__${skin}__/hjs.css}"</span><span class="nt">/&gt;</span>
</td></tr><tr id="line-8"><td class="table-line d-table"><a href="#line-8">8</a></td><td class="code-line d-code">		<span class="nt">&lt;link</span> <span class="na">rel=</span><span class="s">"stylesheet"</span> <span class="na">type=</span><span class="s">"text/css"</span> <span class="na">th:unless=</span><span class="s">"${highlight == T(ru.exlmoto.code.highlight.enumeration.Mode).HighlightJs}"</span> <span class="na">th:href=</span><span class="s">"@{/css/__${skin}__/merged.css}"</span><span class="nt">/&gt;</span>
</td></tr><tr id="line-9"><td class="table-line l-table"><a href="#line-9">9</a></td><td class="code-line l-code">		<span class="nt">&lt;script </span><span class="na">defer</span> <span class="na">type=</span><span class="s">"text/javascript"</span> <span class="na">th:src=</span><span class="s">"@{/js/code.js}"</span><span class="nt">&gt;&lt;/script&gt;</span>
</td></tr><tr id="line-10"><td class="table-line d-table"><a href="#line-10"><strong>10</strong></a></td><td class="code-line d-code">	<span class="nt">&lt;/head&gt;</span>
</td></tr><tr id="line-11"><td class="table-line l-table"><a href="#line-11">11</a></td><td class="code-line l-code">	<span class="nt">&lt;body&gt;</span>
</td></tr><tr id="line-12"><td class="table-line d-table"><a href="#line-12">12</a></td><td class="code-line d-code">		<span class="nt">&lt;div</span> <span class="na">class=</span><span class="s">"page"</span><span class="nt">&gt;</span>
</td></tr><tr id="line-13"><td class="table-line l-table"><a href="#line-13">13</a></td><td class="code-line l-code">			<span class="nt">&lt;div</span> <span class="na">id=</span><span class="s">"panel"</span> <span class="na">class=</span><span class="s">"sidebar"</span><span class="nt">&gt;</span>
</td></tr><tr id="line-14"><td class="table-line d-table"><a href="#line-14">14</a></td><td class="code-line d-code">				<span class="nt">&lt;a</span> <span class="na">href=</span><span class="s">"/"</span> <span class="na">th:title=</span><span class="s">"#{code.title}"</span><span class="nt">&gt;&lt;h2</span> <span class="na">class=</span><span class="s">"block center header"</span> <span class="na">th:text=</span><span class="s">"#{code.title}"</span><span class="nt">&gt;</span>Code Polyglot!<span class="nt">&lt;/h2&gt;&lt;/a&gt;</span>
</td></tr><tr id="line-15"><td class="table-line l-table"><a href="#line-15">15</a></td><td class="code-line l-code">				<span class="nt">&lt;div</span> <span class="na">class=</span><span class="s">"block recent"</span><span class="nt">&gt;</span>
</td></tr><tr id="line-16"><td class="table-line d-table"><a href="#line-16">16</a></td><td class="code-line d-code">					<span class="nt">&lt;h4</span> <span class="na">class=</span><span class="s">"center header"</span> <span class="na">th:text=</span><span class="s">"#{code.recent}"</span><span class="nt">&gt;</span>Recent Snippets<span class="nt">&lt;/h4&gt;</span>
</td></tr><tr id="line-17"><td class="table-line l-table"><a href="#line-17">17</a></td><td class="code-line l-code">					<span class="nt">&lt;div</span> <span class="na">th:if=</span><span class="s">"${!snippets.isEmpty()}"</span><span class="nt">&gt;</span>
</td></tr><tr id="line-18"><td class="table-line d-table"><a href="#line-18">18</a></td><td class="code-line d-code">						<span class="nt">&lt;div</span> <span class="na">th:each=</span><span class="s">"snippet : ${snippets}"</span> <span class="na">th:with=</span><span class="s">"name=${snippet.getFirst()},address=${'/' + snippet.getSecond()},delete=${'/delete/' + snippet.getSecond()}"</span><span class="nt">&gt;</span>
</td></tr><tr id="line-19"><td class="table-line l-table"><a href="#line-19">19</a></td><td class="code-line l-code">							=<span class="ni">&amp;rt;</span> <span class="nt">&lt;a</span> <span class="na">th:href=</span><span class="s">"${address}"</span> <span class="na">th:text=</span><span class="s">"${name}"</span> <span class="na">th:title=</span><span class="s">"${name}"</span><span class="nt">&gt;</span>Snippet Name<span class="nt">&lt;/a&gt;</span> <span class="nt">&lt;a</span> <span class="na">class=</span><span class="s">"right"</span> <span class="na">sec:authorize=</span><span class="s">"isAuthenticated()"</span> <span class="na">th:href=</span><span class="s">"${delete}"</span> <span class="na">th:title=</span><span class="s">"#{code.delete}"</span><span class="nt">&gt;</span>[x]<span class="nt">&lt;/a&gt;</span>
</td></tr><tr id="line-20"><td class="table-line d-table"><a href="#line-20"><strong>20</strong></a></td><td class="code-line d-code">						<span class="nt">&lt;/div&gt;</span>
</td></tr><tr id="line-21"><td class="table-line l-table"><a href="#line-21">21</a></td><td class="code-line l-code">					<span class="nt">&lt;/div&gt;</span>
</td></tr><tr id="line-22"><td class="table-line d-table"><a href="#line-22">22</a></td><td class="code-line d-code">				<span class="nt">&lt;/div&gt;</span>
</td></tr><tr id="line-23"><td class="table-line l-table"><a href="#line-23">23</a></td><td class="code-line l-code">			<span class="nt">&lt;/div&gt;</span>
</td></tr><tr id="line-24"><td class="table-line d-table"><a href="#line-24">24</a></td><td class="code-line d-code">			<span class="nt">&lt;form</span> <span class="na">id=</span><span class="s">"code-form"</span> <span class="na">method=</span><span class="s">"post"</span> <span class="na">th:action=</span><span class="s">"@{/edit}"</span> <span class="na">th:object=</span><span class="s">"${form}"</span><span class="nt">&gt;</span>
</td></tr><tr id="line-25"><td class="table-line l-table"><a href="#line-25">25</a></td><td class="code-line l-code">				<span class="nt">&lt;div</span> <span class="na">class=</span><span class="s">"content block"</span> <span class="na">th:if=</span><span class="s">"${info}"</span><span class="nt">&gt;</span>
</td></tr><tr id="line-26"><td class="table-line d-table"><a href="#line-26">26</a></td><td class="code-line d-code">					<span class="nt">&lt;h2</span> <span class="na">class=</span><span class="s">"info"</span> <span class="na">th:text=</span><span class="s">"#{__${info}__}"</span><span class="nt">&gt;&lt;/h2&gt;</span>
</td></tr><tr id="line-27"><td class="table-line l-table"><a href="#line-27">27</a></td><td class="code-line l-code">				<span class="nt">&lt;/div&gt;</span>
</td></tr><tr id="line-28"><td class="table-line d-table"><a href="#line-28">28</a></td><td class="code-line d-code">				<span class="nt">&lt;div</span> <span class="na">class=</span><span class="s">"content block"</span> <span class="na">th:if=</span><span class="s">"${code}"</span><span class="nt">&gt;</span>
</td></tr><tr id="line-29"><td class="table-line l-table"><a href="#line-29">29</a></td><td class="code-line l-code">					<span class="nt">&lt;h2</span> <span class="na">th:if=</span><span class="s">"*{title}"</span> <span class="na">th:with=</span><span class="s">"head=*{title}"</span><span class="nt">&gt;</span>
</td></tr><tr id="line-30"><td class="table-line d-table"><a href="#line-30"><strong>30</strong></a></td><td class="code-line d-code">						<span class="nt">&lt;span</span> <span class="na">th:text=</span><span class="s">"${head} + ' |'"</span><span class="nt">&gt;&lt;/span&gt;</span> <span class="nt">&lt;span</span> <span class="na">th:text=</span><span class="s">"*{date}"</span><span class="nt">&gt;&lt;/span&gt;</span>
</td></tr><tr id="line-31"><td class="table-line l-table"><a href="#line-31">31</a></td><td class="code-line l-code">					<span class="nt">&lt;/h2&gt;</span>
</td></tr><tr id="line-32"><td class="table-line d-table"><a href="#line-32">32</a></td><td class="code-line d-code">				<span class="nt">&lt;/div&gt;</span>
</td></tr><tr id="line-33"><td class="table-line l-table"><a href="#line-33">33</a></td><td class="code-line l-code">				<span class="nt">&lt;div</span> <span class="na">class=</span><span class="s">"content block"</span> <span class="na">th:if=</span><span class="s">"${code}"</span><span class="nt">&gt;</span>
</td></tr><tr id="line-34"><td class="table-line d-table"><a href="#line-34">34</a></td><td class="code-line d-code">					<span class="nt">&lt;div</span> <span class="na">class=</span><span class="s">"buttons"</span><span class="nt">&gt;</span>
</td></tr><tr id="line-35"><td class="table-line l-table"><a href="#line-35">35</a></td><td class="code-line l-code">						<span class="nt">&lt;span</span> <span class="na">id=</span><span class="s">"copy-label"</span> <span class="na">class=</span><span class="s">"hide"</span> <span class="na">th:text=</span><span class="s">"#{code.toolbar.copied}"</span><span class="nt">&gt;&lt;/span&gt;</span>
</td></tr><tr id="line-36"><td class="table-line d-table"><a href="#line-36">36</a></td><td class="code-line d-code">						<span class="nt">&lt;img</span> <span class="na">id=</span><span class="s">"button-copy"</span> <span class="na">class=</span><span class="s">"img-button"</span> <span class="na">width=</span><span class="s">"20"</span> <span class="na">height=</span><span class="s">"16"</span> <span class="na">src=</span><span class="s">"../static/img/techno/copy.png"</span> <span class="na">th:src=</span><span class="s">"@{/img/__${skin}__/copy.png}"</span> <span class="na">alt=</span><span class="s">"Copy"</span> <span class="na">th:alt=</span><span class="s">"#{code.toolbar.copy}"</span> <span class="na">th:title=</span><span class="s">"#{code.toolbar.copy}"</span><span class="nt">/&gt;</span>
</td></tr><tr id="line-37"><td class="table-line l-table"><a href="#line-37">37</a></td><td class="code-line l-code">						<span class="nt">&lt;img</span> <span class="na">id=</span><span class="s">"button-wide"</span> <span class="na">class=</span><span class="s">"img-button"</span> <span class="na">width=</span><span class="s">"20"</span> <span class="na">height=</span><span class="s">"16"</span> <span class="na">src=</span><span class="s">"../static/img/techno/wide.png"</span> <span class="na">th:src=</span><span class="s">"@{/img/__${skin}__/wide.png}"</span> <span class="na">alt=</span><span class="s">"Toggle Sidebar"</span> <span class="na">th:alt=</span><span class="s">"#{code.toolbar.wide}"</span> <span class="na">th:title=</span><span class="s">"#{code.toolbar.wide}"</span><span class="nt">/&gt;</span>
</td></tr><tr id="line-38"><td class="table-line d-table"><a href="#line-38">38</a></td><td class="code-line d-code">						<span class="nt">&lt;img</span> <span class="na">id=</span><span class="s">"button-wrap"</span> <span class="na">class=</span><span class="s">"img-button"</span> <span class="na">width=</span><span class="s">"20"</span> <span class="na">height=</span><span class="s">"16"</span> <span class="na">src=</span><span class="s">"../static/img/techno/wrap.png"</span> <span class="na">th:src=</span><span class="s">"@{/img/__${skin}__/wrap.png}"</span> <span class="na">alt=</span><span class="s">"Toggle Wrap"</span> <span class="na">th:alt=</span><span class="s">"#{code.toolbar.wrap}"</span> <span class="na">th:title=</span><span class="s">"#{code.toolbar.wrap}"</span><span class="nt">/&gt;</span>
</td></tr><tr id="line-39"><td class="table-line l-table"><a href="#line-39">39</a></td><td class="code-line l-code">						<span class="nt">&lt;a</span> <span class="na">target=</span><span class="s">"_blank"</span> <span class="na">th:href=</span><span class="s">"@{/api/raw/__${id}__}"</span><span class="nt">&gt;</span>
</td></tr><tr id="line-40"><td class="table-line d-table"><a href="#line-40"><strong>40</strong></a></td><td class="code-line d-code">							<span class="nt">&lt;img</span> <span class="na">id=</span><span class="s">"button-raw"</span> <span class="na">class=</span><span class="s">"img-button"</span> <span class="na">width=</span><span class="s">"20"</span> <span class="na">height=</span><span class="s">"16"</span> <span class="na">src=</span><span class="s">"../static/img/techno/raw.png"</span> <span class="na">th:src=</span><span class="s">"@{/img/__${skin}__/raw.png}"</span> <span class="na">alt=</span><span class="s">"Raw"</span> <span class="na">th:alt=</span><span class="s">"#{code.toolbar.raw}"</span> <span class="na">th:title=</span><span class="s">"#{code.toolbar.raw}"</span><span class="nt">/&gt;</span>
</td></tr><tr id="line-41"><td class="table-line l-table"><a href="#line-41">41</a></td><td class="code-line l-code">						<span class="nt">&lt;/a&gt;</span>
</td></tr><tr id="line-42"><td class="table-line d-table"><a href="#line-42">42</a></td><td class="code-line d-code">					<span class="nt">&lt;/div&gt;</span>
</td></tr><tr id="line-43"><td class="table-line l-table"><a href="#line-43">43</a></td><td class="code-line l-code">					<span class="nt">&lt;div</span> <span class="na">id=</span><span class="s">"code"</span> <span class="na">class=</span><span class="s">"highlight hljs"</span> <span class="na">th:utext=</span><span class="s">"${code}"</span><span class="nt">&gt;</span>Code Container<span class="nt">&lt;/div&gt;</span>
</td></tr><tr id="line-44"><td class="table-line d-table"><a href="#line-44">44</a></td><td class="code-line d-code">				<span class="nt">&lt;/div&gt;</span>
</td></tr><tr id="line-45"><td class="table-line l-table"><a href="#line-45">45</a></td><td class="code-line l-code">				<span class="nt">&lt;div</span> <span class="na">class=</span><span class="s">"content block grid"</span><span class="nt">&gt;</span>
</td></tr><tr id="line-46"><td class="table-line d-table"><a href="#line-46">46</a></td><td class="code-line d-code">					<span class="nt">&lt;div&gt;</span>
</td></tr><tr id="line-47"><td class="table-line l-table"><a href="#line-47">47</a></td><td class="code-line l-code">						<span class="nt">&lt;div</span> <span class="na">class=</span><span class="s">"markdown inline"</span><span class="nt">&gt;</span>```<span class="nt">&lt;/div&gt;</span>
</td></tr><tr id="line-48"><td class="table-line d-table"><a href="#line-48">48</a></td><td class="code-line d-code">						<span class="nt">&lt;label&gt;</span>
</td></tr><tr id="line-49"><td class="table-line l-table"><a href="#line-49">49</a></td><td class="code-line l-code">							<span class="nt">&lt;input</span> <span class="na">id=</span><span class="s">"options"</span> <span class="na">maxlength=</span><span class="s">"64"</span> <span class="na">type=</span><span class="s">"text"</span> <span class="na">th:field=</span><span class="s">"*{options}"</span> <span class="na">th:placeholder=</span><span class="s">"#{code.options.placeholder}"</span> <span class="na">th:title=</span><span class="s">"#{code.options.title}"</span><span class="nt">/&gt;</span>
</td></tr><tr id="line-50"><td class="table-line d-table"><a href="#line-50"><strong>50</strong></a></td><td class="code-line d-code">						<span class="nt">&lt;/label&gt;</span>
</td></tr><tr id="line-51"><td class="table-line l-table"><a href="#line-51">51</a></td><td class="code-line l-code">						<span class="nt">&lt;input</span> <span class="na">class=</span><span class="s">"button"</span> <span class="na">type=</span><span class="s">"submit"</span> <span class="na">th:value=</span><span class="s">"#{code.button}"</span><span class="nt">/&gt;</span>
</td></tr><tr id="line-52"><td class="table-line d-table"><a href="#line-52">52</a></td><td class="code-line d-code">					<span class="nt">&lt;/div&gt;</span>
</td></tr><tr id="line-53"><td class="table-line l-table"><a href="#line-53">53</a></td><td class="code-line l-code">					<span class="nt">&lt;div&gt;</span>
</td></tr><tr id="line-54"><td class="table-line d-table"><a href="#line-54">54</a></td><td class="code-line d-code">						<span class="nt">&lt;label&gt;</span>
</td></tr><tr id="line-55"><td class="table-line l-table"><a href="#line-55">55</a></td><td class="code-line l-code">							<span class="nt">&lt;input</span> <span class="na">id=</span><span class="s">"title"</span> <span class="na">maxlength=</span><span class="s">"64"</span> <span class="na">type=</span><span class="s">"text"</span> <span class="na">th:field=</span><span class="s">"*{title}"</span> <span class="na">th:placeholder=</span><span class="s">"#{code.title.placeholder}"</span><span class="nt">/&gt;</span>
</td></tr><tr id="line-56"><td class="table-line d-table"><a href="#line-56">56</a></td><td class="code-line d-code">						<span class="nt">&lt;/label&gt;</span>
</td></tr><tr id="line-57"><td class="table-line l-table"><a href="#line-57">57</a></td><td class="code-line l-code">					<span class="nt">&lt;/div&gt;</span>
</td></tr><tr id="line-58"><td class="table-line d-table"><a href="#line-58">58</a></td><td class="code-line d-code">					<span class="nt">&lt;div&gt;</span>
</td></tr><tr id="line-59"><td class="table-line l-table"><a href="#line-59">59</a></td><td class="code-line l-code">						<span class="nt">&lt;label&gt;</span>
</td></tr><tr id="line-60"><td class="table-line d-table"><a href="#line-60"><strong>60</strong></a></td><td class="code-line d-code">							<span class="nt">&lt;textarea</span> <span class="na">id=</span><span class="s">"code-area"</span> <span class="na">th:maxlength=</span><span class="s">"${length}"</span> <span class="na">th:field=</span><span class="s">"*{code}"</span> <span class="na">th:autofocus=</span><span class="s">"${code} ? 'false' : 'true'"</span> <span class="na">th:placeholder=</span><span class="s">"#{code.area.placeholder}"</span><span class="nt">&gt;&lt;/textarea&gt;</span>
</td></tr><tr id="line-61"><td class="table-line l-table"><a href="#line-61">61</a></td><td class="code-line l-code">						<span class="nt">&lt;/label&gt;</span>
</td></tr><tr id="line-62"><td class="table-line d-table"><a href="#line-62">62</a></td><td class="code-line d-code">					<span class="nt">&lt;/div&gt;</span>
</td></tr><tr id="line-63"><td class="table-line l-table"><a href="#line-63">63</a></td><td class="code-line l-code">					<span class="nt">&lt;div</span> <span class="na">id=</span><span class="s">"highlight"</span><span class="nt">&gt;</span>
</td></tr><tr id="line-64"><td class="table-line d-table"><a href="#line-64">64</a></td><td class="code-line d-code">						<span class="nt">&lt;div</span> <span class="na">class=</span><span class="s">"table"</span><span class="nt">&gt;</span>
</td></tr><tr id="line-65"><td class="table-line l-table"><a href="#line-65">65</a></td><td class="code-line l-code">							<span class="nt">&lt;div</span> <span class="na">class=</span><span class="s">"table-row"</span><span class="nt">&gt;</span>
</td></tr><tr id="line-66"><td class="table-line d-table"><a href="#line-66">66</a></td><td class="code-line d-code">								<span class="nt">&lt;div</span> <span class="na">class=</span><span class="s">"table-cell"</span><span class="nt">&gt;&lt;/div&gt;</span>
</td></tr><tr id="line-67"><td class="table-line l-table"><a href="#line-67">67</a></td><td class="code-line l-code">								<span class="nt">&lt;div</span> <span class="na">class=</span><span class="s">"table-cell"</span> <span class="na">th:text=</span><span class="s">"#{code.table.lang}"</span><span class="nt">&gt;</span>Language<span class="nt">&lt;/div&gt;</span>
</td></tr><tr id="line-68"><td class="table-line d-table"><a href="#line-68">68</a></td><td class="code-line d-code">								<span class="nt">&lt;div</span> <span class="na">class=</span><span class="s">"table-cell"</span> <span class="na">th:text=</span><span class="s">"#{code.table.library}"</span><span class="nt">&gt;</span>Library<span class="nt">&lt;/div&gt;</span>
</td></tr><tr id="line-69"><td class="table-line l-table"><a href="#line-69">69</a></td><td class="code-line l-code">								<span class="nt">&lt;div</span> <span class="na">class=</span><span class="s">"table-cell"</span> <span class="na">th:text=</span><span class="s">"#{code.table.vm}"</span><span class="nt">&gt;</span>VM<span class="nt">&lt;/div&gt;</span>
</td></tr><tr id="line-70"><td class="table-line d-table"><a href="#line-70"><strong>70</strong></a></td><td class="code-line d-code">								<span class="nt">&lt;div</span> <span class="na">class=</span><span class="s">"table-cell"</span> <span class="na">th:text=</span><span class="s">"#{code.table.speed}"</span><span class="nt">&gt;</span>Speed<span class="nt">&lt;/div&gt;</span>
</td></tr><tr id="line-71"><td class="table-line l-table"><a href="#line-71">71</a></td><td class="code-line l-code">							<span class="nt">&lt;/div&gt;</span>
</td></tr><tr id="line-72"><td class="table-line d-table"><a href="#line-72">72</a></td><td class="code-line d-code">							<span class="nt">&lt;div</span> <span class="na">class=</span><span class="s">"table-row"</span> <span class="na">th:each=</span><span class="s">"mode : ${T(ru.exlmoto.code.highlight.enumeration.Mode).values()}"</span><span class="nt">&gt;</span>
</td></tr><tr id="line-73"><td class="table-line l-table"><a href="#line-73">73</a></td><td class="code-line l-code">								<span class="nt">&lt;div</span> <span class="na">class=</span><span class="s">"table-cell"</span><span class="nt">&gt;</span>
</td></tr><tr id="line-74"><td class="table-line d-table"><a href="#line-74">74</a></td><td class="code-line d-code">									<span class="nt">&lt;label</span> <span class="na">class=</span><span class="s">"radio-container"</span><span class="nt">&gt;</span>
</td></tr><tr id="line-75"><td class="table-line l-table"><a href="#line-75">75</a></td><td class="code-line l-code">										<span class="nt">&lt;input</span> <span class="na">type=</span><span class="s">"radio"</span> <span class="na">name=</span><span class="s">"syntax"</span> <span class="na">th:id=</span><span class="s">"${mode}"</span> <span class="na">th:value=</span><span class="s">"${mode}"</span> <span class="na">th:field=</span><span class="s">"*{highlight}"</span><span class="nt">/&gt;</span>
</td></tr><tr id="line-76"><td class="table-line d-table"><a href="#line-76">76</a></td><td class="code-line d-code">										<span class="nt">&lt;span</span> <span class="na">class=</span><span class="s">"radio-mark"</span><span class="nt">&gt;&lt;/span&gt;</span>
</td></tr><tr id="line-77"><td class="table-line l-table"><a href="#line-77">77</a></td><td class="code-line l-code">									<span class="nt">&lt;/label&gt;</span>
</td></tr><tr id="line-78"><td class="table-line d-table"><a href="#line-78">78</a></td><td class="code-line d-code">								<span class="nt">&lt;/div&gt;</span>
</td></tr><tr id="line-79"><td class="table-line l-table"><a href="#line-79">79</a></td><td class="code-line l-code">								<span class="nt">&lt;div</span> <span class="na">class=</span><span class="s">"table-cell"</span> <span class="na">th:text=</span><span class="s">"${T(ru.exlmoto.code.highlight.enumeration.Mode).getLang(mode) + ' ' + versions.get(mode).getFirst()}"</span><span class="nt">&gt;&lt;/div&gt;</span>
</td></tr><tr id="line-80"><td class="table-line d-table"><a href="#line-80"><strong>80</strong></a></td><td class="code-line d-code">								<span class="nt">&lt;div</span> <span class="na">class=</span><span class="s">"table-cell"</span> <span class="na">th:text=</span><span class="s">"${T(ru.exlmoto.code.highlight.enumeration.Mode).getName(mode) + ' ' + versions.get(mode).getSecond()}"</span><span class="nt">&gt;&lt;/div&gt;</span>
</td></tr><tr id="line-81"><td class="table-line l-table"><a href="#line-81">81</a></td><td class="code-line l-code">								<span class="nt">&lt;div</span> <span class="na">class=</span><span class="s">"table-cell"</span> <span class="na">th:text=</span><span class="s">"${T(ru.exlmoto.code.highlight.enumeration.Mode).getVm(mode)}"</span><span class="nt">&gt;&lt;/div&gt;</span>
</td></tr><tr id="line-82"><td class="table-line d-table"><a href="#line-82">82</a></td><td class="code-line d-code">								<span class="nt">&lt;div</span> <span class="na">class=</span><span class="s">"table-cell"</span> <span class="na">th:text=</span><span class="s">"#{__${T(ru.exlmoto.code.highlight.enumeration.Mode).getSpeed(mode)}__}"</span><span class="nt">&gt;&lt;/div&gt;</span>
</td></tr><tr id="line-83"><td class="table-line l-table"><a href="#line-83">83</a></td><td class="code-line l-code">							<span class="nt">&lt;/div&gt;</span>
</td></tr><tr id="line-84"><td class="table-line d-table"><a href="#line-84">84</a></td><td class="code-line d-code">						<span class="nt">&lt;/div&gt;</span>
</td></tr><tr id="line-85"><td class="table-line l-table"><a href="#line-85">85</a></td><td class="code-line l-code">						<span class="nt">&lt;div</span> <span class="na">th:if=</span><span class="s">"*{renderTime}"</span><span class="nt">&gt;</span>
</td></tr><tr id="line-86"><td class="table-line d-table"><a href="#line-86">86</a></td><td class="code-line d-code">							<span class="nt">&lt;span</span> <span class="na">th:text=</span><span class="s">"#{code.render.time}"</span><span class="nt">&gt;&lt;/span&gt;</span>
</td></tr><tr id="line-87"><td class="table-line l-table"><a href="#line-87">87</a></td><td class="code-line l-code">							<span class="nt">&lt;span</span> <span class="na">th:utext=</span><span class="s">"*{renderTime}"</span><span class="nt">&gt;&lt;/span&gt;</span>ms.
</td></tr><tr id="line-88"><td class="table-line d-table"><a href="#line-88">88</a></td><td class="code-line d-code">						<span class="nt">&lt;/div&gt;</span>
</td></tr><tr id="line-89"><td class="table-line l-table"><a href="#line-89">89</a></td><td class="code-line l-code">					<span class="nt">&lt;/div&gt;</span>
</td></tr><tr id="line-90"><td class="table-line d-table"><a href="#line-90"><strong>90</strong></a></td><td class="code-line d-code">					<span class="nt">&lt;div</span> <span class="na">class=</span><span class="s">"markdown"</span><span class="nt">&gt;</span>```<span class="nt">&lt;/div&gt;</span>
</td></tr><tr id="line-91"><td class="table-line l-table"><a href="#line-91">91</a></td><td class="code-line l-code">				<span class="nt">&lt;/div&gt;</span>
</td></tr><tr id="line-92"><td class="table-line d-table"><a href="#line-92">92</a></td><td class="code-line d-code">			<span class="nt">&lt;/form&gt;</span>
</td></tr><tr id="line-93"><td class="table-line l-table"><a href="#line-93">93</a></td><td class="code-line l-code">			<span class="nt">&lt;div</span> <span class="na">class=</span><span class="s">"footer block center"</span><span class="nt">&gt;</span>
</td></tr><tr id="line-94"><td class="table-line d-table"><a href="#line-94">94</a></td><td class="code-line d-code">				<span class="nt">&lt;span</span> <span class="na">class=</span><span class="s">"left"</span><span class="nt">&gt;</span>
</td></tr><tr id="line-95"><td class="table-line l-table"><a href="#line-95">95</a></td><td class="code-line l-code">					<span class="nt">&lt;a</span> <span class="na">sec:authorize=</span><span class="s">"isAuthenticated()"</span> <span class="na">th:href=</span><span class="s">"@{/logout}"</span> <span class="na">th:title=</span><span class="s">"#{code.logout}"</span><span class="nt">&gt;</span>[x]<span class="nt">&lt;/a&gt;</span>
</td></tr><tr id="line-96"><td class="table-line d-table"><a href="#line-96">96</a></td><td class="code-line d-code">					<span class="nt">&lt;span</span> <span class="na">th:text=</span><span class="s">"#{code.lang}"</span><span class="nt">&gt;</span>Language:<span class="nt">&lt;/span&gt;</span>
</td></tr><tr id="line-97"><td class="table-line l-table"><a href="#line-97">97</a></td><td class="code-line l-code">					<span class="nt">&lt;a</span> <span class="na">th:href=</span><span class="s">"${'/opts/?lang=techno'}"</span> <span class="na">th:text=</span><span class="s">"#{code.lang.ru}"</span> <span class="na">th:title=</span><span class="s">"#{code.lang.ru}"</span><span class="nt">&gt;</span>Russian<span class="nt">&lt;/a&gt;</span>
</td></tr><tr id="line-98"><td class="table-line d-table"><a href="#line-98">98</a></td><td class="code-line d-code">					|
</td></tr><tr id="line-99"><td class="table-line l-table"><a href="#line-99">99</a></td><td class="code-line l-code">					<span class="nt">&lt;a</span> <span class="na">th:href=</span><span class="s">"${'/opts/?lang=en'}"</span> <span class="na">th:text=</span><span class="s">"#{code.lang.en}"</span> <span class="na">th:title=</span><span class="s">"#{code.lang.en}"</span><span class="nt">&gt;</span>English<span class="nt">&lt;/a&gt;</span>
</td></tr><tr id="line-100"><td class="table-line d-table"><a href="#line-100"><strong>100</strong></a></td><td class="code-line d-code">				<span class="nt">&lt;/span&gt;</span>
</td></tr><tr id="line-101"><td class="table-line l-table"><a href="#line-101">101</a></td><td class="code-line l-code">				<span class="nt">&lt;span</span> <span class="na">class=</span><span class="s">"center"</span><span class="nt">&gt;</span>
</td></tr><tr id="line-102"><td class="table-line d-table"><a href="#line-102">102</a></td><td class="code-line d-code">					<span class="nt">&lt;span&gt;</span>(c) <span class="nt">&lt;a</span> <span class="na">href=</span><span class="s">"https://exlmoto.ru"</span> <span class="na">title=</span><span class="s">"EXL&amp;#039;s Developer Blog"</span> <span class="na">target=</span><span class="s">"_blank"</span><span class="nt">&gt;</span>EXL<span class="nt">&lt;/a&gt;</span>, 2020-<span class="nt">&lt;/span&gt;&lt;span</span> <span class="na">th:text=</span><span class="s">"${#dates.year(#dates.createNow())}"</span><span class="nt">&gt;&lt;/span&gt;</span>
</td></tr><tr id="line-103"><td class="table-line l-table"><a href="#line-103">103</a></td><td class="code-line l-code">					|
</td></tr><tr id="line-104"><td class="table-line d-table"><a href="#line-104">104</a></td><td class="code-line d-code">					<span class="nt">&lt;a</span> <span class="na">href=</span><span class="s">"https://github.com/EXL/CodePolyglot"</span> <span class="na">th:title=</span><span class="s">"#{code.source}"</span><span class="nt">&gt;</span>Code Polyglot<span class="nt">&lt;/a&gt;</span>
</td></tr><tr id="line-105"><td class="table-line l-table"><a href="#line-105">105</a></td><td class="code-line l-code">					|
</td></tr><tr id="line-106"><td class="table-line d-table"><a href="#line-106">106</a></td><td class="code-line d-code">					<span class="nt">&lt;span</span> <span class="na">th:text=</span><span class="s">"#{code.powered}"</span><span class="nt">&gt;</span>Powered by<span class="nt">&lt;/span&gt;</span> <span class="nt">&lt;a</span> <span class="na">href=</span><span class="s">"https://www.graalvm.org/"</span> <span class="na">title=</span><span class="s">"GraalVM Community"</span><span class="nt">&gt;</span>GraalVM<span class="nt">&lt;/a&gt;</span> v<span class="nt">&lt;span</span> <span class="na">th:text=</span><span class="s">"${version}"</span><span class="nt">&gt;&lt;/span&gt;</span>
</td></tr><tr id="line-107"><td class="table-line l-table"><a href="#line-107">107</a></td><td class="code-line l-code">				<span class="nt">&lt;/span&gt;</span>
</td></tr><tr id="line-108"><td class="table-line d-table"><a href="#line-108">108</a></td><td class="code-line d-code">				<span class="nt">&lt;span</span> <span class="na">class=</span><span class="s">"right"</span><span class="nt">&gt;</span>
</td></tr><tr id="line-109"><td class="table-line l-table"><a href="#line-109">109</a></td><td class="code-line l-code">					<span class="nt">&lt;span</span> <span class="na">th:text=</span><span class="s">"#{code.skin}"</span><span class="nt">&gt;</span>Skin:<span class="nt">&lt;/span&gt;</span>
</td></tr><tr id="line-110"><td class="table-line d-table"><a href="#line-110"><strong>110</strong></a></td><td class="code-line d-code">					<span class="nt">&lt;a</span> <span class="na">title=</span><span class="s">"Techno"</span> <span class="na">th:href=</span><span class="s">"${'/opts/?skin=techno'}"</span><span class="nt">&gt;</span>Techno<span class="nt">&lt;/a&gt;</span>
</td></tr><tr id="line-111"><td class="table-line l-table"><a href="#line-111">111</a></td><td class="code-line l-code">					|
</td></tr><tr id="line-112"><td class="table-line d-table"><a href="#line-112">112</a></td><td class="code-line d-code">					<span class="nt">&lt;a</span> <span class="na">title=</span><span class="s">"Pastorg"</span> <span class="na">th:href=</span><span class="s">"${'/opts/?skin=pastorg'}"</span><span class="nt">&gt;</span>Pastorg<span class="nt">&lt;/a&gt;</span>
</td></tr><tr id="line-113"><td class="table-line l-table"><a href="#line-113">113</a></td><td class="code-line l-code">				<span class="nt">&lt;/span&gt;</span>
</td></tr><tr id="line-114"><td class="table-line d-table"><a href="#line-114">114</a></td><td class="code-line d-code">			<span class="nt">&lt;/div&gt;</span>
</td></tr><tr id="line-115"><td class="table-line l-table"><a href="#line-115">115</a></td><td class="code-line l-code">		<span class="nt">&lt;/div&gt;</span>
</td></tr><tr id="line-116"><td class="table-line d-table"><a href="#line-116">116</a></td><td class="code-line d-code">	<span class="nt">&lt;/body&gt;</span>
</td></tr><tr id="line-117"><td class="table-line l-table"><a href="#line-117">117</a></td><td class="code-line l-code"><span class="nt">&lt;/html&gt;</span>
</td></tr></table>