<table class="code-table"><tr id="line-1"><td class="table-line l-table"><a href="#line-1">1</a></td><td class="code-line l-code"><span class="nb">document</span><span class="p">.</span><span class="nx">getElementById</span><span class="p">(</span><span class="dl">'</span><span class="s1">code-area</span><span class="dl">'</span><span class="p">).</span><span class="nx">onkeydown</span> <span class="o">=</span> <span class="kd">function</span> <span class="p">(</span><span class="nx">event</span><span class="p">)</span> <span class="p">{</span>
</td></tr><tr id="line-2"><td class="table-line d-table"><a href="#line-2">2</a></td><td class="code-line d-code">	<span class="k">if</span> <span class="p">((</span><span class="nx">event</span><span class="p">.</span><span class="nx">ctrlKey</span> <span class="o">||</span> <span class="nx">event</span><span class="p">.</span><span class="nx">metaKey</span><span class="p">)</span> <span class="o">&amp;&amp;</span> <span class="p">(</span><span class="nx">event</span><span class="p">.</span><span class="nx">key</span> <span class="o">===</span> <span class="dl">'</span><span class="s1">Enter</span><span class="dl">'</span><span class="p">))</span> <span class="p">{</span>
</td></tr><tr id="line-3"><td class="table-line l-table"><a href="#line-3">3</a></td><td class="code-line l-code">		<span class="nb">document</span><span class="p">.</span><span class="nx">getElementById</span><span class="p">(</span><span class="dl">'</span><span class="s1">code-form</span><span class="dl">'</span><span class="p">).</span><span class="nx">submit</span><span class="p">();</span>
</td></tr><tr id="line-4"><td class="table-line d-table"><a href="#line-4">4</a></td><td class="code-line d-code">	<span class="p">}</span>
</td></tr><tr id="line-5"><td class="table-line l-table"><a href="#line-5">5</a></td><td class="code-line l-code"><span class="p">}</span>
</td></tr><tr id="line-6"><td class="table-line d-table"><a href="#line-6">6</a></td><td class="code-line d-code"><span class="nb">document</span><span class="p">.</span><span class="nx">getElementById</span><span class="p">(</span><span class="dl">'</span><span class="s1">button-copy</span><span class="dl">'</span><span class="p">).</span><span class="nx">onclick</span> <span class="o">=</span> <span class="kd">function</span> <span class="p">()</span> <span class="p">{</span>
</td></tr><tr id="line-7"><td class="table-line l-table"><a href="#line-7">7</a></td><td class="code-line l-code">	<span class="c1">// document.querySelector('#code-area').focus();</span>
</td></tr><tr id="line-8"><td class="table-line d-table"><a href="#line-8">8</a></td><td class="code-line d-code"><span class="cm">/*</span>
</td></tr><tr id="line-9"><td class="table-line l-table"><a href="#line-9">9</a></td><td class="code-line l-code"><span class="cm">	document.querySelector('#code-area').select();</span>
</td></tr><tr id="line-10"><td class="table-line d-table"><a href="#line-10"><strong>10</strong></a></td><td class="code-line d-code"><span class="cm">	try {</span>
</td></tr><tr id="line-11"><td class="table-line l-table"><a href="#line-11">11</a></td><td class="code-line l-code"><span class="cm">		document.execCommand('copy');</span>
</td></tr><tr id="line-12"><td class="table-line d-table"><a href="#line-12">12</a></td><td class="code-line d-code"><span class="cm">		document.getElementById('copy-label').classList.remove('hide');</span>
</td></tr><tr id="line-13"><td class="table-line l-table"><a href="#line-13">13</a></td><td class="code-line l-code"><span class="cm">		setTimeout(function () {</span>
</td></tr><tr id="line-14"><td class="table-line d-table"><a href="#line-14">14</a></td><td class="code-line d-code"><span class="cm">			document.getElementById('copy-label').classList.add('hide');</span>
</td></tr><tr id="line-15"><td class="table-line l-table"><a href="#line-15">15</a></td><td class="code-line l-code"><span class="cm">		}, 3000); // 3 seconds.</span>
</td></tr><tr id="line-16"><td class="table-line d-table"><a href="#line-16">16</a></td><td class="code-line d-code"><span class="cm">*/</span>
</td></tr><tr id="line-17"><td class="table-line l-table"><a href="#line-17">17</a></td><td class="code-line l-code">	<span class="p">}</span> <span class="k">catch</span> <span class="p">(</span><span class="nx">error</span><span class="p">)</span> <span class="p">{</span>
</td></tr><tr id="line-18"><td class="table-line d-table"><a href="#line-18">18</a></td><td class="code-line d-code">		<span class="nx">console</span><span class="p">.</span><span class="nx">error</span><span class="p">(</span><span class="dl">'</span><span class="s1">Unable to copy content from ".code-area" class to clipboard: "</span><span class="dl">'</span> <span class="o">+</span> <span class="nx">error</span> <span class="o">+</span> <span class="dl">'</span><span class="s1">".</span><span class="dl">'</span><span class="p">);</span>
</td></tr><tr id="line-19"><td class="table-line l-table"><a href="#line-19">19</a></td><td class="code-line l-code">	<span class="p">}</span>
</td></tr><tr id="line-20"><td class="table-line d-table"><a href="#line-20"><strong>20</strong></a></td><td class="code-line d-code"><span class="p">}</span>
</td></tr><tr id="line-21"><td class="table-line l-table"><a href="#line-21">21</a></td><td class="code-line l-code"><span class="nb">document</span><span class="p">.</span><span class="nx">getElementById</span><span class="p">(</span><span class="dl">'</span><span class="s1">button-wide</span><span class="dl">'</span><span class="p">).</span><span class="nx">onclick</span> <span class="o">=</span> <span class="kd">function</span> <span class="p">()</span> <span class="p">{</span>
</td></tr><tr id="line-22"><td class="table-line d-table"><a href="#line-22">22</a></td><td class="code-line d-code">	<span class="k">if</span> <span class="p">(</span><span class="nb">document</span><span class="p">.</span><span class="nx">getElementById</span><span class="p">(</span><span class="dl">'</span><span class="s1">panel</span><span class="dl">'</span><span class="p">).</span><span class="nx">classList</span><span class="p">.</span><span class="nx">toggle</span><span class="p">(</span><span class="dl">'</span><span class="s1">hide</span><span class="dl">'</span><span class="p">))</span> <span class="p">{</span>
</td></tr><tr id="line-23"><td class="table-line l-table"><a href="#line-23">23</a></td><td class="code-line l-code">		<span class="nb">document</span><span class="p">.</span><span class="nx">getElementById</span><span class="p">(</span><span class="dl">'</span><span class="s1">code-form</span><span class="dl">'</span><span class="p">).</span><span class="nx">style</span><span class="p">.</span><span class="nx">marginLeft</span> <span class="o">=</span> <span class="dl">'</span><span class="s1">0</span><span class="dl">'</span><span class="p">;</span>
</td></tr><tr id="line-24"><td class="table-line d-table"><a href="#line-24">24</a></td><td class="code-line d-code">		<span class="nb">document</span><span class="p">.</span><span class="nx">getElementById</span><span class="p">(</span><span class="dl">'</span><span class="s1">button-wide</span><span class="dl">'</span><span class="p">).</span><span class="nx">style</span><span class="p">.</span><span class="nx">outline</span> <span class="o">=</span> <span class="dl">'</span><span class="s1">1px solid darkred</span><span class="dl">'</span><span class="p">;</span>
</td></tr><tr id="line-25"><td class="table-line l-table"><a href="#line-25">25</a></td><td class="code-line l-code">	<span class="p">}</span> <span class="k">else</span> <span class="p">{</span>
</td></tr><tr id="line-26"><td class="table-line d-table"><a href="#line-26">26</a></td><td class="code-line d-code">		<span class="nb">document</span><span class="p">.</span><span class="nx">getElementById</span><span class="p">(</span><span class="dl">'</span><span class="s1">code-form</span><span class="dl">'</span><span class="p">).</span><span class="nx">style</span><span class="p">.</span><span class="nx">marginLeft</span> <span class="o">=</span> <span class="dl">'</span><span class="s1">175px</span><span class="dl">'</span><span class="p">;</span>
</td></tr><tr id="line-27"><td class="table-line l-table"><a href="#line-27">27</a></td><td class="code-line l-code">		<span class="nb">document</span><span class="p">.</span><span class="nx">getElementById</span><span class="p">(</span><span class="dl">'</span><span class="s1">button-wide</span><span class="dl">'</span><span class="p">).</span><span class="nx">style</span><span class="p">.</span><span class="nx">outline</span> <span class="o">=</span> <span class="dl">''</span><span class="p">;</span>
</td></tr><tr id="line-28"><td class="table-line d-table"><a href="#line-28">28</a></td><td class="code-line d-code">	<span class="p">}</span>
</td></tr><tr id="line-29"><td class="table-line l-table"><a href="#line-29">29</a></td><td class="code-line l-code"><span class="p">}</span>
</td></tr><tr id="line-30"><td class="table-line d-table"><a href="#line-30"><strong>30</strong></a></td><td class="code-line d-code"><span class="nb">document</span><span class="p">.</span><span class="nx">getElementById</span><span class="p">(</span><span class="dl">'</span><span class="s1">button-wrap</span><span class="dl">'</span><span class="p">).</span><span class="nx">onclick</span> <span class="o">=</span> <span class="kd">function</span> <span class="p">()</span> <span class="p">{</span>
</td></tr><tr id="line-31"><td class="table-line l-table"><a href="#line-31">31</a></td><td class="code-line l-code">	<span class="k">if</span> <span class="p">(</span><span class="nb">document</span><span class="p">.</span><span class="nx">getElementById</span><span class="p">(</span><span class="dl">'</span><span class="s1">panel</span><span class="dl">'</span><span class="p">).</span><span class="nx">classList</span><span class="p">.</span><span class="nx">toggle</span><span class="p">(</span><span class="dl">'</span><span class="s1">toggle</span><span class="dl">'</span><span class="p">))</span> <span class="p">{</span>
</td></tr><tr id="line-32"><td class="table-line d-table"><a href="#line-32">32</a></td><td class="code-line d-code">		<span class="nb">document</span><span class="p">.</span><span class="nx">querySelectorAll</span><span class="p">(</span><span class="dl">'</span><span class="s1">.code-line</span><span class="dl">'</span><span class="p">).</span><span class="nx">forEach</span><span class="p">(</span><span class="nx">line</span> <span class="o">=&gt;</span> <span class="nx">line</span><span class="p">.</span><span class="nx">style</span><span class="p">.</span><span class="nx">whiteSpace</span> <span class="o">=</span> <span class="dl">'</span><span class="s1">pre-wrap</span><span class="dl">'</span><span class="p">);</span>
</td></tr><tr id="line-33"><td class="table-line l-table"><a href="#line-33">33</a></td><td class="code-line l-code">		<span class="nb">document</span><span class="p">.</span><span class="nx">getElementById</span><span class="p">(</span><span class="dl">'</span><span class="s1">button-wrap</span><span class="dl">'</span><span class="p">).</span><span class="nx">style</span><span class="p">.</span><span class="nx">outline</span> <span class="o">=</span> <span class="dl">'</span><span class="s1">1px solid darkred</span><span class="dl">'</span><span class="p">;</span>
</td></tr><tr id="line-34"><td class="table-line d-table"><a href="#line-34">34</a></td><td class="code-line d-code">	<span class="p">}</span> <span class="k">else</span> <span class="p">{</span>
</td></tr><tr id="line-35"><td class="table-line l-table"><a href="#line-35">35</a></td><td class="code-line l-code">		<span class="nb">document</span><span class="p">.</span><span class="nx">querySelectorAll</span><span class="p">(</span><span class="dl">'</span><span class="s1">.code-line</span><span class="dl">'</span><span class="p">).</span><span class="nx">forEach</span><span class="p">(</span><span class="nx">line</span> <span class="o">=&gt;</span> <span class="nx">line</span><span class="p">.</span><span class="nx">style</span><span class="p">.</span><span class="nx">whiteSpace</span> <span class="o">=</span> <span class="dl">'</span><span class="s1">pre</span><span class="dl">'</span><span class="p">);</span>
</td></tr><tr id="line-36"><td class="table-line d-table"><a href="#line-36">36</a></td><td class="code-line d-code">		<span class="nb">document</span><span class="p">.</span><span class="nx">getElementById</span><span class="p">(</span><span class="dl">'</span><span class="s1">button-wrap</span><span class="dl">'</span><span class="p">).</span><span class="nx">style</span><span class="p">.</span><span class="nx">outline</span> <span class="o">=</span> <span class="dl">''</span><span class="p">;</span>
</td></tr><tr id="line-37"><td class="table-line l-table"><a href="#line-37">37</a></td><td class="code-line l-code">	<span class="p">}</span>
</td></tr><tr id="line-38"><td class="table-line d-table"><a href="#line-38">38</a></td><td class="code-line d-code"><span class="p">}</span>
</td></tr></table>