<table class="code-table"><tr id="line-1"><td class="table-line l-table"><a href="#line-1">1</a></td><td class="code-line l-code">&lt;span class=&#34;hljs-string&#34;&gt;&amp;quot;astring&amp;quot;&lt;/span&gt;
</td></tr><tr id="line-2"><td class="table-line d-table"><a href="#line-2">2</a></td><td class="code-line d-code">expression
</td></tr><tr id="line-3" class="hll"><td class="table-line"><a href="#line-3">3</a></td><td class="code-line">&lt;span class=&#34;hljs-string&#34;&gt;&amp;quot;a &lt;span class=&#34;hljs-subst&#34;&gt;${  &lt;span class=&#34;hljs-string&#34;&gt;&amp;quot;string&amp;quot;&lt;/span&gt; }&lt;/span&gt; &lt;span class=&#34;hljs-subst&#34;&gt;${&lt;span class=&#34;hljs-string&#34;&gt;&amp;#x27;c&amp;#x27;&lt;/span&gt;}&lt;/span&gt; b&amp;quot;&lt;/span&gt;
</td></tr><tr id="line-4" class="hll"><td class="table-line"><a href="#line-4">4</a></td><td class="code-line">&lt;span class=&#34;hljs-string&#34;&gt;&amp;quot;a &lt;span class=&#34;hljs-subst&#34;&gt;${  &lt;span class=&#34;hljs-string&#34;&gt;&amp;quot;string &lt;span class=&#34;hljs-variable&#34;&gt;$var&lt;/span&gt; &lt;span class=&#34;hljs-subst&#34;&gt;${subs}&lt;/span&gt;&amp;quot;&lt;/span&gt; }&lt;/span&gt; b&amp;quot;&lt;/span&gt;
</td></tr><tr id="line-5" class="hll"><td class="table-line"><a href="#line-5">5</a></td><td class="code-line">&lt;span class=&#34;hljs-string&#34;&gt;&amp;quot;&amp;quot;&amp;quot;  &lt;span class=&#34;hljs-subst&#34;&gt;${&lt;/span&gt;&lt;/span&gt;
</td></tr><tr id="line-6"><td class="table-line d-table"><a href="#line-6">6</a></td><td class="code-line d-code">&lt;span class=&#34;hljs-string&#34;&gt;&lt;span class=&#34;hljs-subst&#34;&gt;    ${subst}&lt;/span&gt;&lt;/span&gt;
</td></tr><tr id="line-7"><td class="table-line l-table"><a href="#line-7">7</a></td><td class="code-line l-code">&lt;span class=&#34;hljs-string&#34;&gt;&lt;span class=&#34;hljs-subst&#34;&gt;    &lt;span class=&#34;hljs-string&#34;&gt;${subst}&lt;/span&gt;&lt;/span&gt;&lt;/span&gt;
</td></tr><tr id="line-8"><td class="table-line d-table"><a href="#line-8">8</a></td><td class="code-line d-code">&lt;span class=&#34;hljs-string&#34;&gt;&lt;span class=&#34;hljs-subst&#34;&gt;    ${s&lt;span class=&#34;hljs-string&#34;&gt;ub&lt;/span&gt;st}&lt;/span&gt;&lt;/span&gt;
</td></tr><tr id="line-9"><td class="table-line l-table"><a href="#line-9">9</a></td><td class="code-line l-code">&lt;span class=&#34;hljs-string&#34;&gt;} &amp;quot;&amp;quot;&amp;quot;&lt;/span&gt;
</td></tr><tr id="line-10"><td class="table-line d-table"><a href="#line-10"><strong>10</strong></a></td><td class="code-line d-code">&lt;span class=&#34;hljs-string&#34;&gt;&amp;quot;&amp;quot;&amp;quot;f=&amp;quot;true&amp;quot;&amp;quot;&amp;quot;&amp;quot;&lt;/span&gt;
</td></tr></table>