<table class="code-table"><tr id="line-1"><td class="table-line l-table"><a href="#line-1">1</a></td><td class="code-line l-code"><span class="hljs-built_in">document</span>.getElementById(<span class="hljs-string">&#x27;code-area&#x27;</span>).onkeydown = <span class="hljs-function"><span class="hljs-keyword">function</span> (<span class="hljs-params">event</span>) </span>{
</td></tr><tr id="line-2"><td class="table-line d-table"><a href="#line-2">2</a></td><td class="code-line d-code">	<span class="hljs-keyword">if</span> ((event.ctrlKey || event.metaKey) &amp;&amp; (event.key === <span class="hljs-string">&#x27;Enter&#x27;</span>)) {
</td></tr><tr id="line-3"><td class="table-line l-table"><a href="#line-3">3</a></td><td class="code-line l-code">		<span class="hljs-built_in">document</span>.getElementById(<span class="hljs-string">&#x27;code-form&#x27;</span>).submit();
</td></tr><tr id="line-4"><td class="table-line d-table"><a href="#line-4">4</a></td><td class="code-line d-code">	}
</td></tr><tr id="line-5"><td class="table-line l-table"><a href="#line-5">5</a></td><td class="code-line l-code">}
</td></tr><tr id="line-6"><td class="table-line d-table"><a href="#line-6">6</a></td><td class="code-line d-code"><span class="hljs-built_in">document</span>.getElementById(<span class="hljs-string">&#x27;button-copy&#x27;</span>).onclick = <span class="hljs-function"><span class="hljs-keyword">function</span> (<span class="hljs-params"></span>) </span>{
</td></tr><tr id="line-7"><td class="table-line l-table"><a href="#line-7">7</a></td><td class="code-line l-code">	<span class="hljs-comment">// document.querySelector(&#x27;#code-area&#x27;).focus();</span>
</td></tr><tr id="line-8"><td class="table-line d-table"><a href="#line-8">8</a></td><td class="code-line d-code"><span class="hljs-comment">/*</span>
</td></tr><tr id="line-9"><td class="table-line l-table"><a href="#line-9">9</a></td><td class="code-line l-code"><span class="hljs-comment">	document.querySelector(&#x27;#code-area&#x27;).select();</span>
</td></tr><tr id="line-10"><td class="table-line d-table"><a href="#line-10"><strong>10</strong></a></td><td class="code-line d-code"><span class="hljs-comment">	try {</span>
</td></tr><tr id="line-11"><td class="table-line l-table"><a href="#line-11">11</a></td><td class="code-line l-code"><span class="hljs-comment">		document.execCommand(&#x27;copy&#x27;);</span>
</td></tr><tr id="line-12"><td class="table-line d-table"><a href="#line-12">12</a></td><td class="code-line d-code"><span class="hljs-comment">		document.getElementById(&#x27;copy-label&#x27;).classList.remove(&#x27;hide&#x27;);</span>
</td></tr><tr id="line-13"><td class="table-line l-table"><a href="#line-13">13</a></td><td class="code-line l-code"><span class="hljs-comment">		setTimeout(function () {</span>
</td></tr><tr id="line-14"><td class="table-line d-table"><a href="#line-14">14</a></td><td class="code-line d-code"><span class="hljs-comment">			document.getElementById(&#x27;copy-label&#x27;).classList.add(&#x27;hide&#x27;);</span>
</td></tr><tr id="line-15"><td class="table-line l-table"><a href="#line-15">15</a></td><td class="code-line l-code"><span class="hljs-comment">		}, 3000); // 3 seconds.</span>
</td></tr><tr id="line-16"><td class="table-line d-table"><a href="#line-16">16</a></td><td class="code-line d-code"><span class="hljs-comment">*/</span>
</td></tr><tr id="line-17"><td class="table-line l-table"><a href="#line-17">17</a></td><td class="code-line l-code">	} <span class="hljs-keyword">catch</span> (error) {
</td></tr><tr id="line-18"><td class="table-line d-table"><a href="#line-18">18</a></td><td class="code-line d-code">		<span class="hljs-built_in">console</span>.error(<span class="hljs-string">&#x27;Unable to copy content from &quot;.code-area&quot; class to clipboard: &quot;&#x27;</span> + error + <span class="hljs-string">&#x27;&quot;.&#x27;</span>);
</td></tr><tr id="line-19"><td class="table-line l-table"><a href="#line-19">19</a></td><td class="code-line l-code">	}
</td></tr><tr id="line-20"><td class="table-line d-table"><a href="#line-20"><strong>20</strong></a></td><td class="code-line d-code">}
</td></tr><tr id="line-21"><td class="table-line l-table"><a href="#line-21">21</a></td><td class="code-line l-code"><span class="hljs-built_in">document</span>.getElementById(<span class="hljs-string">&#x27;button-wide&#x27;</span>).onclick = <span class="hljs-function"><span class="hljs-keyword">function</span> (<span class="hljs-params"></span>) </span>{
</td></tr><tr id="line-22"><td class="table-line d-table"><a href="#line-22">22</a></td><td class="code-line d-code">	<span class="hljs-keyword">if</span> (<span class="hljs-built_in">document</span>.getElementById(<span class="hljs-string">&#x27;panel&#x27;</span>).classList.toggle(<span class="hljs-string">&#x27;hide&#x27;</span>)) {
</td></tr><tr id="line-23"><td class="table-line l-table"><a href="#line-23">23</a></td><td class="code-line l-code">		<span class="hljs-built_in">document</span>.getElementById(<span class="hljs-string">&#x27;code-form&#x27;</span>).style.marginLeft = <span class="hljs-string">&#x27;0&#x27;</span>;
</td></tr><tr id="line-24"><td class="table-line d-table"><a href="#line-24">24</a></td><td class="code-line d-code">		<span class="hljs-built_in">document</span>.getElementById(<span class="hljs-string">&#x27;button-wide&#x27;</span>).style.outline = <span class="hljs-string">&#x27;1px solid darkred&#x27;</span>;
</td></tr><tr id="line-25"><td class="table-line l-table"><a href="#line-25">25</a></td><td class="code-line l-code">	} <span class="hljs-keyword">else</span> {
</td></tr><tr id="line-26"><td class="table-line d-table"><a href="#line-26">26</a></td><td class="code-line d-code">		<span class="hljs-built_in">document</span>.getElementById(<span class="hljs-string">&#x27;code-form&#x27;</span>).style.marginLeft = <span class="hljs-string">&#x27;175px&#x27;</span>;
</td></tr><tr id="line-27"><td class="table-line l-table"><a href="#line-27">27</a></td><td class="code-line l-code">		<span class="hljs-built_in">document</span>.getElementById(<span class="hljs-string">&#x27;button-wide&#x27;</span>).style.outline = <span class="hljs-string">&#x27;&#x27;</span>;
</td></tr><tr id="line-28"><td class="table-line d-table"><a href="#line-28">28</a></td><td class="code-line d-code">	}
</td></tr><tr id="line-29"><td class="table-line l-table"><a href="#line-29">29</a></td><td class="code-line l-code">}
</td></tr><tr id="line-30"><td class="table-line d-table"><a href="#line-30"><strong>30</strong></a></td><td class="code-line d-code"><span class="hljs-built_in">document</span>.getElementById(<span class="hljs-string">&#x27;button-wrap&#x27;</span>).onclick = <span class="hljs-function"><span class="hljs-keyword">function</span> (<span class="hljs-params"></span>) </span>{
</td></tr><tr id="line-31"><td class="table-line l-table"><a href="#line-31">31</a></td><td class="code-line l-code">	<span class="hljs-keyword">if</span> (<span class="hljs-built_in">document</span>.getElementById(<span class="hljs-string">&#x27;panel&#x27;</span>).classList.toggle(<span class="hljs-string">&#x27;toggle&#x27;</span>)) {
</td></tr><tr id="line-32"><td class="table-line d-table"><a href="#line-32">32</a></td><td class="code-line d-code">		<span class="hljs-built_in">document</span>.querySelectorAll(<span class="hljs-string">&#x27;.code-line&#x27;</span>).forEach(<span class="hljs-function"><span class="hljs-params">line</span> =&gt;</span> line.style.whiteSpace = <span class="hljs-string">&#x27;pre-wrap&#x27;</span>);
</td></tr><tr id="line-33"><td class="table-line l-table"><a href="#line-33">33</a></td><td class="code-line l-code">		<span class="hljs-built_in">document</span>.getElementById(<span class="hljs-string">&#x27;button-wrap&#x27;</span>).style.outline = <span class="hljs-string">&#x27;1px solid darkred&#x27;</span>;
</td></tr><tr id="line-34"><td class="table-line d-table"><a href="#line-34">34</a></td><td class="code-line d-code">	} <span class="hljs-keyword">else</span> {
</td></tr><tr id="line-35"><td class="table-line l-table"><a href="#line-35">35</a></td><td class="code-line l-code">		<span class="hljs-built_in">document</span>.querySelectorAll(<span class="hljs-string">&#x27;.code-line&#x27;</span>).forEach(<span class="hljs-function"><span class="hljs-params">line</span> =&gt;</span> line.style.whiteSpace = <span class="hljs-string">&#x27;pre&#x27;</span>);
</td></tr><tr id="line-36"><td class="table-line d-table"><a href="#line-36">36</a></td><td class="code-line d-code">		<span class="hljs-built_in">document</span>.getElementById(<span class="hljs-string">&#x27;button-wrap&#x27;</span>).style.outline = <span class="hljs-string">&#x27;&#x27;</span>;
</td></tr><tr id="line-37"><td class="table-line l-table"><a href="#line-37">37</a></td><td class="code-line l-code">	}
</td></tr><tr id="line-38"><td class="table-line d-table"><a href="#line-38">38</a></td><td class="code-line d-code">}
</td></tr></table>